================================================================
======== Log Rotated - 14/07/2025 18:28:58                      
================================================================
║             TXADMIN║ ================================================================
║             TXADMIN║ ======== [3588] FXServer Starting - 14/07/2025 18:29:00         
║             TXADMIN║ ================================================================
[           resources] Scanning resources.
[           resources] Found 66 resources.
[          svadhesive] Authenticating server license key...
[          svadhesive] Server license key authentication succeeded. Welcome!
[    c-scripting-core] Creating script environments for sessionmanager
[           resources] Started resource sessionmanager
[    c-scripting-core] Creating script environments for monitor
[      script:monitor] [txAdmin] Resource v8.0.1 threads and commands set up. All Ready.
[           resources] Started resource monitor
[           resources] Started resource fivem
[           resources] Started resource fivem-map-hipster
[    c-scripting-core] Creating script environments for mapmanager
[           resources] Started resource mapmanager
[           resources] Started resource spawnmanager
[    c-scripting-core] Creating script environments for oxmysql
[           resources] Started resource oxmysql
[    c-scripting-core] Creating script environments for vrp
[          script:vrp] SCRIPT ERROR: @vrp/server/comando.lua:3: No such export GetCoreObject in resource vrp-core
[       resources:vrp] Warning: could not find file `lib/Luaseq.lua` (defined in fxmanifest.lua:28)
[           resources] Started resource vrp (1 warning)
[    c-scripting-core] Creating script environments for oxdrive
[           resources] Started resource oxdrive
[    c-scripting-core] Creating script environments for zBarberShops
[           resources] Started resource zBarberShops
[    c-scripting-core] Creating script environments for zCreator
[           resources] Started resource zCreator
[    c-scripting-core] Creating script environments for zMultiChar
[           resources] Started resource zMultiChar
[    c-scripting-core] Creating script environments for zSkinShops
[           resources] Started resource zSkinShops
[    c-scripting-core] Creating script environments for zAdmin
[           resources] Started resource zAdmin
[           resources] Started resource zAnimations
[    c-scripting-core] Creating script environments for zBank
[           resources] Started resource zBank
[    c-scripting-core] Creating script environments for zCoins
[           resources] Started resource zCoins
[    c-scripting-core] Creating script environments for zCraft
[           resources] Started resource zCraft
[    c-scripting-core] Creating script environments for zDealership
[           resources] Started resource zDealership
[    c-scripting-core] Creating script environments for zDismantle
[           resources] Started resource zDismantle
[    c-scripting-core] Creating script environments for zDoors
[           resources] Started resource zDoors
[    c-scripting-core] Creating script environments for zFuel
[           resources] Started resource zFuel
[    c-scripting-core] Creating script environments for zGarages
[           resources] Started resource zGarages
[    c-scripting-core] Creating script environments for zHomes
[           resources] Started resource zHomes
[    c-scripting-core] Creating script environments for zHud
[           resources] Started resource zHud
[    c-scripting-core] Creating script environments for zInventory
[           resources] Started resource zInventory
[           resources] Started resource zLoadingscreen
[    c-scripting-core] Creating script environments for zLogin
[           resources] Started resource zLogin
[    c-scripting-core] Creating script environments for zMedical
[           resources] Started resource zMedical
[    c-scripting-core] Creating script environments for zNotify
[           resources] Started resource zNotify
[    c-scripting-core] Creating script environments for zOrg
[           resources] Started resource zOrg
[    c-scripting-core] Creating script environments for zPlayer
[           resources] Started resource zPlayer
[    c-scripting-core] Creating script environments for zPolice
[           resources] Started resource zPolice
[    c-scripting-core] Creating script environments for zShops
[           resources] Started resource zShops
[           resources] Started resource zSounds
[    c-scripting-core] Creating script environments for zSurvival
[           resources] Started resource zSurvival
[    c-scripting-core] Creating script environments for PolyZone
[           resources] Started resource PolyZone
[           resources] Started resource zTarget
[    c-scripting-core] Creating script environments for zDriver
[           resources] Started resource zDriver
[    c-scripting-core] Creating script environments for zGarbargeman
[           resources] Started resource zGarbargeman
[    c-scripting-core] Creating script environments for zHarvest
[           resources] Started resource zHarvest
[    c-scripting-core] Creating script environments for zMiner
[           resources] Started resource zMiner
[    c-scripting-core] Creating script environments for zLumberman
[           resources] Started resource zLumberman
[    c-scripting-core] Creating script environments for zTaxi
[           resources] Started resource zTaxi
[    c-scripting-core] Creating script environments for zPostman
[           resources] Started resource zPostman
[    c-scripting-core] Creating script environments for zTruckdriver
[           resources] Started resource zTruckdriver
[    c-scripting-core] Creating script environments for chat
[      resources:chat] Warning: could not find file `html/config.js` (defined in fxmanifest.lua:16)
[           resources] Started resource chat (1 warning)
[           resources] Started resource logsystem
[           resources] Started resource minimap
[    c-scripting-core] Creating script environments for mumble-voip
[           resources] Started resource mumble-voip
[    c-scripting-core] Creating script environments for vehcontrol
[           resources] Started resource vehcontrol
[ citizen-server-impl] Could not open logotipo.png for reading.
[ citizen-server-main] Warning: The players.json endpoint has been modified to no longer return the player identifiers without authentication.
[ citizen-server-main] To learn more about this change read our announcement at https://aka.cfx.re/players-json-privacy
[      script:oxmysql] [10.4.32-MariaDB] Database server connection established!
[ citizen-server-impl]         fff                          
[ citizen-server-impl]   cccc ff   xx  xx     rr rr    eee  
[ citizen-server-impl] cc     ffff   xx       rrr  r ee   e 
[ citizen-server-impl] cc     ff     xx   ... rr     eeeee  
[ citizen-server-impl]  ccccc ff   xx  xx ... rr      eeeee 
[ citizen-server-impl]                                      
[ citizen-server-impl] Authenticated with cfx.re Nucleus: https://alucard-fagner-lgjp45.users.cfx.re/
[          script:vrp] Priority Users Loaded:	0
[ citizen-server-impl] sync thread hitch warning: timer interval of 524 milliseconds
[          script:vrp] event Queue:playerActivated was not safe for net
[          script:vrp] SCRIPT ERROR: @vrp/server/identity.lua:12: attempt to call a nil value (field 'userIdentity')
[          script:vrp] > getUserRegistration (@vrp/server/identity.lua:12)
[          script:vrp] > handler (@vrp/base.lua:339)
[          script:vrp] > rawQuery (@oxmysql/dist/build.js:26045)
[          script:vrp] > processTicksAndRejections (node:internal/process/task_queues:96)
[          script:vrp] SCRIPT ERROR: @vrp/server/identity.lua:12: attempt to call a nil value (field 'userIdentity')
[          script:vrp] > f (@vrp/server/identity.lua:12)
[          script:vrp] > handler (rp/lib/Proxy.lua:51)
[          script:vrp] > getUserRegistration (rp/lib/Proxy.lua:36)
[          script:vrp] > ref (@zAdmin/server/skywalker.lua:1129)
[          script:vrp] > handler (rp/lib/Proxy.lua:54)
[          script:vrp] > rawQuery (@oxmysql/dist/build.js:26045)
[          script:vrp] > processTicksAndRejections (node:internal/process/task_queues:96)
║             TXADMIN║ txaEvent "serverShuttingDown" "{\"delay\":5000,\"author\":\"Alucard_Fagner\",\"message\":\"Server restarting (admin request).\"}"
[      script:monitor] [txAdmin] Server shutting down. Kicking all players.

║             TXADMIN║ ================================================================
║             TXADMIN║ ======== [19952] FXServer Starting - 14/07/2025 18:35:36        
║             TXADMIN║ ================================================================
[           resources] Scanning resources.
[           resources] Found 66 resources.
[          svadhesive] Authenticating server license key...
[          svadhesive] Server license key authentication succeeded. Welcome!
[    c-scripting-core] Creating script environments for sessionmanager
[           resources] Started resource sessionmanager
[    c-scripting-core] Creating script environments for monitor
[      script:monitor] [txAdmin] Resource v8.0.1 threads and commands set up. All Ready.
[           resources] Started resource monitor
[           resources] Started resource fivem
[           resources] Started resource fivem-map-hipster
[    c-scripting-core] Creating script environments for mapmanager
[           resources] Started resource mapmanager
[           resources] Started resource spawnmanager
[    c-scripting-core] Creating script environments for oxmysql
[           resources] Started resource oxmysql
[    c-scripting-core] Creating script environments for vrp
[          script:vrp] SCRIPT ERROR: @vrp/server/comando.lua:3: No such export GetCoreObject in resource vrp-core
[       resources:vrp] Warning: could not find file `lib/Luaseq.lua` (defined in fxmanifest.lua:28)
[           resources] Started resource vrp (1 warning)
[    c-scripting-core] Creating script environments for oxdrive
[           resources] Started resource oxdrive
[    c-scripting-core] Creating script environments for zBarberShops
[           resources] Started resource zBarberShops
[    c-scripting-core] Creating script environments for zCreator
[           resources] Started resource zCreator
[    c-scripting-core] Creating script environments for zMultiChar
[           resources] Started resource zMultiChar
[    c-scripting-core] Creating script environments for zSkinShops
[           resources] Started resource zSkinShops
[    c-scripting-core] Creating script environments for zAdmin
[           resources] Started resource zAdmin
[           resources] Started resource zAnimations
[    c-scripting-core] Creating script environments for zBank
[           resources] Started resource zBank
[    c-scripting-core] Creating script environments for zCoins
[           resources] Started resource zCoins
[    c-scripting-core] Creating script environments for zCraft
[           resources] Started resource zCraft
[    c-scripting-core] Creating script environments for zDealership
[           resources] Started resource zDealership
[    c-scripting-core] Creating script environments for zDismantle
[           resources] Started resource zDismantle
[    c-scripting-core] Creating script environments for zDoors
[           resources] Started resource zDoors
[    c-scripting-core] Creating script environments for zFuel
[           resources] Started resource zFuel
[    c-scripting-core] Creating script environments for zGarages
[           resources] Started resource zGarages
[    c-scripting-core] Creating script environments for zHomes
[           resources] Started resource zHomes
[    c-scripting-core] Creating script environments for zHud
[           resources] Started resource zHud
[    c-scripting-core] Creating script environments for zInventory
[           resources] Started resource zInventory
[           resources] Started resource zLoadingscreen
[    c-scripting-core] Creating script environments for zLogin
[           resources] Started resource zLogin
[    c-scripting-core] Creating script environments for zMedical
[           resources] Started resource zMedical
[    c-scripting-core] Creating script environments for zNotify
[           resources] Started resource zNotify
[    c-scripting-core] Creating script environments for zOrg
[           resources] Started resource zOrg
[    c-scripting-core] Creating script environments for zPlayer
[           resources] Started resource zPlayer
[    c-scripting-core] Creating script environments for zPolice
[           resources] Started resource zPolice
[    c-scripting-core] Creating script environments for zShops
[           resources] Started resource zShops
[           resources] Started resource zSounds
[    c-scripting-core] Creating script environments for zSurvival
[           resources] Started resource zSurvival
[    c-scripting-core] Creating script environments for PolyZone
[           resources] Started resource PolyZone
[           resources] Started resource zTarget
[    c-scripting-core] Creating script environments for zDriver
[           resources] Started resource zDriver
[    c-scripting-core] Creating script environments for zGarbargeman
[           resources] Started resource zGarbargeman
[    c-scripting-core] Creating script environments for zHarvest
[           resources] Started resource zHarvest
[    c-scripting-core] Creating script environments for zMiner
[           resources] Started resource zMiner
[    c-scripting-core] Creating script environments for zLumberman
[           resources] Started resource zLumberman
[    c-scripting-core] Creating script environments for zTaxi
[           resources] Started resource zTaxi
[    c-scripting-core] Creating script environments for zPostman
[           resources] Started resource zPostman
[    c-scripting-core] Creating script environments for zTruckdriver
[           resources] Started resource zTruckdriver
[    c-scripting-core] Creating script environments for chat
[      resources:chat] Warning: could not find file `html/config.js` (defined in fxmanifest.lua:16)
[           resources] Started resource chat (1 warning)
[           resources] Started resource logsystem
[           resources] Started resource minimap
[    c-scripting-core] Creating script environments for mumble-voip
[           resources] Started resource mumble-voip
[    c-scripting-core] Creating script environments for vehcontrol
[           resources] Started resource vehcontrol
[ citizen-server-impl] Could not open logotipo.png for reading.
[ citizen-server-main] Warning: The players.json endpoint has been modified to no longer return the player identifiers without authentication.
[ citizen-server-main] To learn more about this change read our announcement at https://aka.cfx.re/players-json-privacy
[      script:oxmysql] [10.4.32-MariaDB] Database server connection established!
[ citizen-server-impl]         fff                          
[ citizen-server-impl]   cccc ff   xx  xx     rr rr    eee  
[ citizen-server-impl] cc     ffff   xx       rrr  r ee   e 
[ citizen-server-impl] cc     ff     xx   ... rr     eeeee  
[ citizen-server-impl]  ccccc ff   xx  xx ... rr      eeeee 
[ citizen-server-impl]                                      
[ citizen-server-impl] Authenticated with cfx.re Nucleus: https://alucard-fagner-lgjp45.users.cfx.re/
[          script:vrp] Priority Users Loaded:	0
[          script:vrp] event Queue:playerActivated was not safe for net
[ citizen-server-impl] sync thread hitch warning: timer interval of 177 milliseconds
[    c-scripting-core] script error in native 00000000ff7f66ab: Argument at index 0 was null.
[          script:vrp] SCRIPT ERROR: native 00000000ff7f66ab: Argument at index 0 was null.
[          script:vrp] > GetNumPlayerIdentifiers (GetNumPlayerIdentifiers.lua:3)
[          script:vrp] > getUserId (@vrp/base.lua:175)
[          script:vrp] > getUserRegistration (@vrp/server/identity.lua:7)
[          script:vrp] > handler (@vrp/base.lua:339)
[          script:vrp] > rawQuery (@oxmysql/dist/build.js:26045)
[          script:vrp] > processTicksAndRejections (node:internal/process/task_queues:96)
║             TXADMIN║ txaEvent "serverShuttingDown" "{\"delay\":5000,\"author\":\"Alucard_Fagner\",\"message\":\"Server restarting (admin request).\"}"
[      script:monitor] [txAdmin] Server shutting down. Kicking all players.

║             TXADMIN║ ================================================================
║             TXADMIN║ ======== [28572] FXServer Starting - 14/07/2025 18:41:39        
║             TXADMIN║ ================================================================
[           resources] Scanning resources.
[           resources] Found 66 resources.
[          svadhesive] Authenticating server license key...
[          svadhesive] Server license key authentication succeeded. Welcome!
[    c-scripting-core] Creating script environments for sessionmanager
[           resources] Started resource sessionmanager
[    c-scripting-core] Creating script environments for monitor
[      script:monitor] [txAdmin] Resource v8.0.1 threads and commands set up. All Ready.
[           resources] Started resource monitor
[           resources] Started resource fivem
[           resources] Started resource fivem-map-hipster
[    c-scripting-core] Creating script environments for mapmanager
[           resources] Started resource mapmanager
[           resources] Started resource spawnmanager
[    c-scripting-core] Creating script environments for oxmysql
[           resources] Started resource oxmysql
[    c-scripting-core] Creating script environments for vrp
[          script:vrp] SCRIPT ERROR: @vrp/server/comando.lua:3: No such export GetCoreObject in resource vrp-core
[       resources:vrp] Warning: could not find file `lib/Luaseq.lua` (defined in fxmanifest.lua:28)
[           resources] Started resource vrp (1 warning)
[    c-scripting-core] Creating script environments for oxdrive
[           resources] Started resource oxdrive
[    c-scripting-core] Creating script environments for zBarberShops
[           resources] Started resource zBarberShops
[    c-scripting-core] Creating script environments for zCreator
[           resources] Started resource zCreator
[    c-scripting-core] Creating script environments for zMultiChar
[           resources] Started resource zMultiChar
[    c-scripting-core] Creating script environments for zSkinShops
[           resources] Started resource zSkinShops
[    c-scripting-core] Creating script environments for zAdmin
[           resources] Started resource zAdmin
[           resources] Started resource zAnimations
[    c-scripting-core] Creating script environments for zBank
[           resources] Started resource zBank
[    c-scripting-core] Creating script environments for zCoins
[           resources] Started resource zCoins
[    c-scripting-core] Creating script environments for zCraft
[           resources] Started resource zCraft
[    c-scripting-core] Creating script environments for zDealership
[           resources] Started resource zDealership
[    c-scripting-core] Creating script environments for zDismantle
[           resources] Started resource zDismantle
[    c-scripting-core] Creating script environments for zDoors
[           resources] Started resource zDoors
[    c-scripting-core] Creating script environments for zFuel
[           resources] Started resource zFuel
[    c-scripting-core] Creating script environments for zGarages
[           resources] Started resource zGarages
[    c-scripting-core] Creating script environments for zHomes
[           resources] Started resource zHomes
[    c-scripting-core] Creating script environments for zHud
[           resources] Started resource zHud
[    c-scripting-core] Creating script environments for zInventory
[           resources] Started resource zInventory
[           resources] Started resource zLoadingscreen
[    c-scripting-core] Creating script environments for zLogin
[           resources] Started resource zLogin
[    c-scripting-core] Creating script environments for zMedical
[           resources] Started resource zMedical
[    c-scripting-core] Creating script environments for zNotify
[           resources] Started resource zNotify
[    c-scripting-core] Creating script environments for zOrg
[           resources] Started resource zOrg
[    c-scripting-core] Creating script environments for zPlayer
[           resources] Started resource zPlayer
[    c-scripting-core] Creating script environments for zPolice
[           resources] Started resource zPolice
[    c-scripting-core] Creating script environments for zShops
[           resources] Started resource zShops
[           resources] Started resource zSounds
[    c-scripting-core] Creating script environments for zSurvival
[           resources] Started resource zSurvival
[    c-scripting-core] Creating script environments for PolyZone
[           resources] Started resource PolyZone
[           resources] Started resource zTarget
[    c-scripting-core] Creating script environments for zDriver
[           resources] Started resource zDriver
[    c-scripting-core] Creating script environments for zGarbargeman
[           resources] Started resource zGarbargeman
[    c-scripting-core] Creating script environments for zHarvest
[           resources] Started resource zHarvest
[    c-scripting-core] Creating script environments for zMiner
[           resources] Started resource zMiner
[    c-scripting-core] Creating script environments for zLumberman
[           resources] Started resource zLumberman
[    c-scripting-core] Creating script environments for zTaxi
[           resources] Started resource zTaxi
[    c-scripting-core] Creating script environments for zPostman
[           resources] Started resource zPostman
[    c-scripting-core] Creating script environments for zTruckdriver
[           resources] Started resource zTruckdriver
[    c-scripting-core] Creating script environments for chat
[      resources:chat] Warning: could not find file `html/config.js` (defined in fxmanifest.lua:16)
[           resources] Started resource chat (1 warning)
[           resources] Started resource logsystem
[           resources] Started resource minimap
[    c-scripting-core] Creating script environments for mumble-voip
[           resources] Started resource mumble-voip
[    c-scripting-core] Creating script environments for vehcontrol
[           resources] Started resource vehcontrol
[ citizen-server-impl] Could not open logotipo.png for reading.
[ citizen-server-main] Warning: The players.json endpoint has been modified to no longer return the player identifiers without authentication.
[ citizen-server-main] To learn more about this change read our announcement at https://aka.cfx.re/players-json-privacy
[      script:oxmysql] [10.4.32-MariaDB] Database server connection established!
[ citizen-server-impl]         fff                          
[ citizen-server-impl]   cccc ff   xx  xx     rr rr    eee  
[ citizen-server-impl] cc     ffff   xx       rrr  r ee   e 
[ citizen-server-impl] cc     ff     xx   ... rr     eeeee  
[ citizen-server-impl]  ccccc ff   xx  xx ... rr      eeeee 
[ citizen-server-impl]                                      
[ citizen-server-impl] Authenticated with cfx.re Nucleus: https://alucard-fagner-lgjp45.users.cfx.re/
[          script:vrp] Priority Users Loaded:	0
[          script:vrp] event Queue:playerActivated was not safe for net
[      script:oxmysql] [10.4.32-MariaDB] oxdrive took 262.5249ms to execute a query!
[      script:oxmysql] INSERT INTO users(steam, name, firstname) VALUES(?, ?, ?) [null,"Individuo","indigente"]
[          script:vrp] SCRIPT ERROR: @vrp/server/identity.lua:12: attempt to call a nil value (field 'userIdentity')
[          script:vrp] > getUserRegistration (@vrp/server/identity.lua:12)
[          script:vrp] > handler (@vrp/base.lua:339)
[          script:vrp] > rawQuery (@oxmysql/dist/build.js:26045)
[          script:vrp] > processTicksAndRejections (node:internal/process/task_queues:96)
