================================================================
======== Log Rotated - 08/07/2025 00:00:42                      
================================================================
║             TXADMIN║ ================================================================
║             TXADMIN║ ======== [21788] FXServer Starting - 08/07/2025 00:00:45        
║             TXADMIN║ ================================================================
[           resources] Scanning resources.
[           resources] Found 66 resources.
[          svadhesive] Authenticating server license key...
[          svadhesive] Server license key authentication succeeded. Welcome!
[    c-scripting-core] Creating script environments for sessionmanager
[           resources] Started resource sessionmanager
[    c-scripting-core] Creating script environments for monitor
[      script:monitor] [txAdmin] Resource v8.0.1 threads and commands set up. All Ready.
[           resources] Started resource monitor
[           resources] Started resource fivem
[           resources] Started resource fivem-map-hipster
[    c-scripting-core] Creating script environments for mapmanager
[           resources] Started resource mapmanager
[           resources] Started resource spawnmanager
[    c-scripting-core] Creating script environments for oxmysql
[           resources] Started resource oxmysql
[    c-scripting-core] Creating script environments for vrp
[          script:vrp] SCRIPT ERROR: @vrp/server/comando.lua:3: No such export GetCoreObject in resource vrp-core
[       resources:vrp] Warning: could not find file `lib/Luaseq.lua` (defined in fxmanifest.lua:28)
[           resources] Started resource vrp (1 warning)
[    c-scripting-core] Creating script environments for oxdrive
[           resources] Started resource oxdrive
[    c-scripting-core] Creating script environments for zBarberShops
[           resources] Started resource zBarberShops
[    c-scripting-core] Creating script environments for zCreator
[           resources] Started resource zCreator
[    c-scripting-core] Creating script environments for zMultiChar
[           resources] Started resource zMultiChar
[    c-scripting-core] Creating script environments for zSkinShops
[           resources] Started resource zSkinShops
[    c-scripting-core] Creating script environments for zAdmin
[           resources] Started resource zAdmin
[           resources] Started resource zAnimations
[    c-scripting-core] Creating script environments for zBank
[           resources] Started resource zBank
[    c-scripting-core] Creating script environments for zCoins
[           resources] Started resource zCoins
[    c-scripting-core] Creating script environments for zCraft
[           resources] Started resource zCraft
[    c-scripting-core] Creating script environments for zDealership
[           resources] Started resource zDealership
[    c-scripting-core] Creating script environments for zDismantle
[           resources] Started resource zDismantle
[    c-scripting-core] Creating script environments for zDoors
[           resources] Started resource zDoors
[    c-scripting-core] Creating script environments for zFuel
[           resources] Started resource zFuel
[    c-scripting-core] Creating script environments for zGarages
[           resources] Started resource zGarages
[    c-scripting-core] Creating script environments for zHomes
[           resources] Started resource zHomes
[    c-scripting-core] Creating script environments for zHud
[           resources] Started resource zHud
[    c-scripting-core] Creating script environments for zInventory
[           resources] Started resource zInventory
[           resources] Started resource zLoadingscreen
[    c-scripting-core] Creating script environments for zLogin
[           resources] Started resource zLogin
[    c-scripting-core] Creating script environments for zMedical
[           resources] Started resource zMedical
[    c-scripting-core] Creating script environments for zNotify
[           resources] Started resource zNotify
[    c-scripting-core] Creating script environments for zOrg
[           resources] Started resource zOrg
[    c-scripting-core] Creating script environments for zPlayer
[           resources] Started resource zPlayer
[    c-scripting-core] Creating script environments for zPolice
[           resources] Started resource zPolice
[    c-scripting-core] Creating script environments for zShops
[           resources] Started resource zShops
[           resources] Started resource zSounds
[    c-scripting-core] Creating script environments for zSurvival
[           resources] Started resource zSurvival
[    c-scripting-core] Creating script environments for PolyZone
[           resources] Started resource PolyZone
[           resources] Started resource zTarget
[    c-scripting-core] Creating script environments for zDriver
[           resources] Started resource zDriver
[    c-scripting-core] Creating script environments for zGarbargeman
[           resources] Started resource zGarbargeman
[    c-scripting-core] Creating script environments for zHarvest
[           resources] Started resource zHarvest
[    c-scripting-core] Creating script environments for zMiner
[           resources] Started resource zMiner
[    c-scripting-core] Creating script environments for zLumberman
[           resources] Started resource zLumberman
[    c-scripting-core] Creating script environments for zTaxi
[           resources] Started resource zTaxi
[    c-scripting-core] Creating script environments for zPostman
[           resources] Started resource zPostman
[    c-scripting-core] Creating script environments for zTruckdriver
[           resources] Started resource zTruckdriver
[    c-scripting-core] Creating script environments for chat
[      resources:chat] Warning: could not find file `html/config.js` (defined in fxmanifest.lua:16)
[           resources] Started resource chat (1 warning)
[           resources] Started resource logsystem
[           resources] Started resource minimap
[    c-scripting-core] Creating script environments for mumble-voip
[           resources] Started resource mumble-voip
[    c-scripting-core] Creating script environments for vehcontrol
[           resources] Started resource vehcontrol
[resources:ped:stream] Asset ped/mp_f_freemode_01^hair_diff_001_a_uni.ytd uses 32.0 MiB of physical memory.
[resources:ped:stream] Asset ped/mp_f_freemode_01^hair_diff_006_a_uni.ytd uses 32.0 MiB of physical memory.
[resources:ped:stream] Asset ped/mp_f_freemode_01^hair_diff_007_a_uni.ytd uses 32.0 MiB of physical memory.
[resources:ped:stream] Asset ped/mp_f_freemode_01^hair_diff_014_a_uni.ytd uses 32.0 MiB of physical memory.
[resources:ped:stream] Asset ped/mp_f_freemode_01^task_004_u.ydd uses 64.0 MiB of physical memory. Oversized assets can and WILL lead to streaming issues (such as models not loading/rendering).
[resources:ped:stream] Asset ped/mp_f_freemode_01^task_006_u.ydd uses 64.0 MiB of physical memory. Oversized assets can and WILL lead to streaming issues (such as models not loading/rendering).
[resources:ped:stream] Asset ped/mp_f_freemode_01^task_diff_004_b_uni.ytd uses 64.0 MiB of physical memory. Oversized assets can and WILL lead to streaming issues (such as models not loading/rendering).
[resources:ped:stream] Asset ped/mp_f_freemode_01^task_diff_004_c_uni.ytd uses 64.0 MiB of physical memory. Oversized assets can and WILL lead to streaming issues (such as models not loading/rendering).
[resources:ped:stream] Asset ped/mp_f_freemode_01^task_diff_004_d_uni.ytd uses 64.0 MiB of physical memory. Oversized assets can and WILL lead to streaming issues (such as models not loading/rendering).
[resources:ped:stream] Asset ped/mp_f_freemode_01^task_diff_004_e_uni.ytd uses 64.0 MiB of physical memory. Oversized assets can and WILL lead to streaming issues (such as models not loading/rendering).
[resources:ped:stream] Asset ped/mp_f_freemode_01^task_diff_006_b_uni.ytd uses 64.0 MiB of physical memory. Oversized assets can and WILL lead to streaming issues (such as models not loading/rendering).
[resources:ped:stream] Asset ped/mp_f_freemode_01^task_diff_006_c_uni.ytd uses 64.0 MiB of physical memory. Oversized assets can and WILL lead to streaming issues (such as models not loading/rendering).
[resources:ped:stream] Asset ped/mp_f_freemode_01^task_diff_006_d_uni.ytd uses 64.0 MiB of physical memory. Oversized assets can and WILL lead to streaming issues (such as models not loading/rendering).
[resources:ped:stream] Asset ped/mp_f_freemode_01^task_diff_006_e_uni.ytd uses 64.0 MiB of physical memory. Oversized assets can and WILL lead to streaming issues (such as models not loading/rendering).
[resources:ped:stream] Asset ped/mp_f_freemode_01^task_diff_007_b_uni.ytd uses 64.0 MiB of physical memory. Oversized assets can and WILL lead to streaming issues (such as models not loading/rendering).
[resources:ped:stream] Asset ped/mp_f_freemode_01^task_diff_007_c_uni.ytd uses 64.0 MiB of physical memory. Oversized assets can and WILL lead to streaming issues (such as models not loading/rendering).
[resources:ped:stream] Asset ped/mp_f_freemode_01^task_diff_007_d_uni.ytd uses 64.0 MiB of physical memory. Oversized assets can and WILL lead to streaming issues (such as models not loading/rendering).
[resources:ped:stream] Asset ped/mp_f_freemode_01^task_diff_007_e_uni.ytd uses 64.0 MiB of physical memory. Oversized assets can and WILL lead to streaming issues (such as models not loading/rendering).
[resources:ped:stream] Asset ped/mp_f_freemode_01^teef_001_u.ydd uses 32.0 MiB of physical memory.
[resources:ped:stream] Asset ped/mp_f_freemode_01^teef_002_u.ydd uses 32.0 MiB of physical memory.
[resources:ped:stream] Asset ped/mp_f_freemode_01^teef_003_u.ydd uses 32.0 MiB of physical memory.
[resources:ped:stream] Asset ped/mp_f_freemode_01_female_freemode_beach^hair_diff_001_a_uni.ytd uses 32.0 MiB of physical memory.
[resources:ped:stream] Asset ped/mp_f_freemode_01_female_freemode_business^jbib_diff_001_a_uni.ytd uses 32.0 MiB of physical memory.
[resources:ped:stream] Asset ped/mp_f_freemode_01_mp_f_bikerdlc_01^hair_diff_000_a_uni.ytd uses 32.0 MiB of physical memory.
[resources:ped:stream] Asset ped/mp_f_freemode_01_mp_f_january2016^hand_000_u.ydd uses 32.0 MiB of physical memory.
[resources:ped:stream] Asset ped/mp_f_freemode_01_mp_f_january2016^hand_diff_000_a_uni.ytd uses 32.0 MiB of physical memory.
[resources:ped:stream] Asset ped/mp_f_freemode_01_mp_f_january2016^hand_diff_000_b_uni.ytd uses 32.0 MiB of physical memory.
[resources:ped:stream] Asset ped/mp_f_freemode_01_mp_f_january2016^hand_diff_000_c_uni.ytd uses 32.0 MiB of physical memory.
[resources:ped:stream] Asset ped/mp_f_freemode_01_mp_f_january2016^hand_diff_000_d_uni.ytd uses 32.0 MiB of physical memory.
[resources:ped:stream] Asset ped/mp_f_freemode_01_mp_f_january2016^hand_diff_000_e_uni.ytd uses 32.0 MiB of physical memory.
[resources:ped:stream] Asset ped/mp_f_freemode_01_mp_f_january2016^task_diff_010_b_uni.ytd uses 32.0 MiB of physical memory.
[resources:ped:stream] Asset ped/mp_f_freemode_01_mp_f_january2016^task_diff_010_c_uni.ytd uses 32.0 MiB of physical memory.
[resources:ped:stream] Asset ped/mp_f_freemode_01_mp_f_stunt_01^jbib_diff_004_a_uni.ytd uses 32.0 MiB of physical memory.
[resources:ped:stream] Asset ped/mp_f_freemode_01_p^p_head_000.ydd uses 32.0 MiB of physical memory.
[resources:ped:stream] Asset ped/mp_m_freemode_01^hair_diff_004_a_uni.ytd uses 32.0 MiB of physical memory.
[resources:ped:stream] Asset ped/mp_m_freemode_01^task_004_u.ydd uses 64.0 MiB of physical memory. Oversized assets can and WILL lead to streaming issues (such as models not loading/rendering).
[resources:ped:stream] Asset ped/mp_m_freemode_01^task_006_u.ydd uses 64.0 MiB of physical memory. Oversized assets can and WILL lead to streaming issues (such as models not loading/rendering).
[resources:ped:stream] Asset ped/mp_m_freemode_01^task_diff_004_b_uni.ytd uses 64.0 MiB of physical memory. Oversized assets can and WILL lead to streaming issues (such as models not loading/rendering).
[resources:ped:stream] Asset ped/mp_m_freemode_01^task_diff_004_c_uni.ytd uses 64.0 MiB of physical memory. Oversized assets can and WILL lead to streaming issues (such as models not loading/rendering).
[resources:ped:stream] Asset ped/mp_m_freemode_01^task_diff_004_d_uni.ytd uses 64.0 MiB of physical memory. Oversized assets can and WILL lead to streaming issues (such as models not loading/rendering).
[resources:ped:stream] Asset ped/mp_m_freemode_01^task_diff_004_e_uni.ytd uses 64.0 MiB of physical memory. Oversized assets can and WILL lead to streaming issues (such as models not loading/rendering).
[resources:ped:stream] Asset ped/mp_m_freemode_01^task_diff_006_b_uni.ytd uses 64.0 MiB of physical memory. Oversized assets can and WILL lead to streaming issues (such as models not loading/rendering).
[resources:ped:stream] Asset ped/mp_m_freemode_01^task_diff_006_c_uni.ytd uses 64.0 MiB of physical memory. Oversized assets can and WILL lead to streaming issues (such as models not loading/rendering).
[resources:ped:stream] Asset ped/mp_m_freemode_01^task_diff_006_d_uni.ytd uses 64.0 MiB of physical memory. Oversized assets can and WILL lead to streaming issues (such as models not loading/rendering).
[resources:ped:stream] Asset ped/mp_m_freemode_01^task_diff_006_e_uni.ytd uses 64.0 MiB of physical memory. Oversized assets can and WILL lead to streaming issues (such as models not loading/rendering).
[resources:ped:stream] Asset ped/mp_m_freemode_01^task_diff_007_b_uni.ytd uses 64.0 MiB of physical memory. Oversized assets can and WILL lead to streaming issues (such as models not loading/rendering).
[resources:ped:stream] Asset ped/mp_m_freemode_01^task_diff_007_c_uni.ytd uses 64.0 MiB of physical memory. Oversized assets can and WILL lead to streaming issues (such as models not loading/rendering).
[resources:ped:stream] Asset ped/mp_m_freemode_01^task_diff_007_d_uni.ytd uses 64.0 MiB of physical memory. Oversized assets can and WILL lead to streaming issues (such as models not loading/rendering).
[resources:ped:stream] Asset ped/mp_m_freemode_01^task_diff_007_e_uni.ytd uses 64.0 MiB of physical memory. Oversized assets can and WILL lead to streaming issues (such as models not loading/rendering).
[resources:ped:stream] Asset ped/mp_m_freemode_01_mp_m_january2016^hand_000_u.ydd uses 32.0 MiB of physical memory.
[resources:ped:stream] Asset ped/mp_m_freemode_01_mp_m_january2016^hand_diff_000_a_uni.ytd uses 32.0 MiB of physical memory.
[resources:ped:stream] Asset ped/mp_m_freemode_01_mp_m_january2016^hand_diff_000_b_uni.ytd uses 32.0 MiB of physical memory.
[resources:ped:stream] Asset ped/mp_m_freemode_01_mp_m_january2016^hand_diff_000_c_uni.ytd uses 32.0 MiB of physical memory.
[resources:ped:stream] Asset ped/mp_m_freemode_01_mp_m_january2016^hand_diff_000_d_uni.ytd uses 32.0 MiB of physical memory.
[resources:ped:stream] Asset ped/mp_m_freemode_01_mp_m_january2016^hand_diff_000_e_uni.ytd uses 32.0 MiB of physical memory.
[resources:ped:stream] Asset ped/mp_m_freemode_01_mp_m_january2016^jbib_diff_000_a_uni.ytd uses 32.0 MiB of physical memory.
[resources:ped:stream] Asset ped/mp_m_freemode_01_mp_m_january2016^task_diff_010_b_uni.ytd uses 32.0 MiB of physical memory.
[resources:ped:stream] Asset ped/mp_m_freemode_01_mp_m_january2016^task_diff_010_c_uni.ytd uses 32.0 MiB of physical memory.
[resources:ped:stream] Asset ped/mp_m_freemode_01_mp_m_january2016^task_diff_010_k_uni.ytd uses 32.0 MiB of physical memory.
[resources:ped:stream] Asset ped/mp_m_freemode_01_mp_m_stunt_01^jbib_diff_004_a_uni.ytd uses 32.0 MiB of physical memory.
[           resources] Started resource ped (60 warnings)
[resources:zirix_maps] Asset zirix_maps/brofx_5_drak.ydr uses 48.0 MiB of virtual memory.
[resources:zirix_maps] Asset zirix_maps/brofx_mansion07.ydr uses 24.0 MiB of virtual memory.
[resources:zirix_maps] Asset zirix_maps/ch_chint06_dlc_casino_back.ytd uses 21.5 MiB of physical memory.
[resources:zirix_maps] Asset zirix_maps/designer_house_txd.ytd uses 24.2 MiB of physical memory.
[resources:zirix_maps] Asset zirix_maps/dp_int_txd.ytd uses 20.0 MiB of physical memory.
[resources:zirix_maps] Asset zirix_maps/gn_crastenburg.ytd uses 23.2 MiB of physical memory.
[resources:zirix_maps] Asset zirix_maps/house_2_lks_bedroom_prop.ydr uses 20.4 MiB of physical memory.
[resources:zirix_maps] Asset zirix_maps/interior_txd.ytd uses 22.0 MiB of physical memory.
[resources:zirix_maps] Asset zirix_maps/italy_texture.ytd uses 16.7 MiB of physical memory.
[resources:zirix_maps] Asset zirix_maps/modernhouse1.ytd uses 23.5 MiB of physical memory.
[resources:zirix_maps] Asset zirix_maps/moutnz_zonah.ytd uses 40.0 MiB of physical memory.
[resources:zirix_maps] Asset zirix_maps/mz_carpak_shell.ydr uses 25.5 MiB of physical memory.
[resources:zirix_maps] Asset zirix_maps/mz_pharm.ytd uses 56.0 MiB of physical memory. Oversized assets can and WILL lead to streaming issues (such as models not loading/rendering).
[resources:zirix_maps] Asset zirix_maps/prison_first_txd.ytd uses 28.2 MiB of physical memory.
[resources:zirix_maps] Asset zirix_maps/prison_main_txd.ytd uses 26.2 MiB of physical memory.
[resources:zirix_maps] Asset zirix_maps/prison_second_txd.ytd uses 16.8 MiB of physical memory.
[resources:zirix_maps] Asset zirix_maps/pw-hightimes-shelf-skins.ydr uses 32.0 MiB of physical memory.
[resources:zirix_maps] Asset zirix_maps/slb2k11_airport_shell.ydr uses 19.5 MiB of physical memory.
[resources:zirix_maps] Asset zirix_maps/texturetaxi.ytd uses 19.1 MiB of physical memory.
[resources:zirix_maps] Asset zirix_maps/v_19_stripclub.ytd uses 23.0 MiB of physical memory.
[resources:zirix_maps] Asset zirix_maps/v_5_1.ytd uses 25.0 MiB of physical memory.
[resources:zirix_maps] Asset zirix_maps/vesp_01floor_txd.ytd uses 16.2 MiB of physical memory.
[resources:zirix_maps] Asset zirix_maps/vesp_03floor_txd.ytd uses 17.2 MiB of physical memory.
[resources:zirix_maps] Asset zirix_maps/vesp_1floor_txd.ytd uses 21.8 MiB of physical memory.
[resources:zirix_maps] Asset zirix_maps/vesp_2floor_txd.ytd uses 22.9 MiB of physical memory.
[resources:zirix_maps] Asset zirix_maps/vesp_txd.ytd uses 24.4 MiB of physical memory.
[           resources] Started resource zirix_maps (26 warnings)
[ citizen-server-impl] Could not open logotipo.png for reading.
[ citizen-server-main] Warning: The players.json endpoint has been modified to no longer return the player identifiers without authentication.
[ citizen-server-main] To learn more about this change read our announcement at https://aka.cfx.re/players-json-privacy
[ citizen-server-impl] server thread hitch warning: timer interval of 176 milliseconds
[      script:oxmysql] Database server connection established!
[ citizen-server-impl]         fff                          
[ citizen-server-impl]   cccc ff   xx  xx     rr rr    eee  
[ citizen-server-impl] cc     ffff   xx       rrr  r ee   e 
[ citizen-server-impl] cc     ff     xx   ... rr     eeeee  
[ citizen-server-impl]  ccccc ff   xx  xx ... rr      eeeee 
[ citizen-server-impl]                                      
[ citizen-server-impl] Authenticated with cfx.re Nucleus: https://alucard-fagner-lgjp45.users.cfx.re/
[ citizen-server-impl] server thread hitch warning: timer interval of 204 milliseconds
[          script:vrp] Priority Users Loaded:	0
[ citizen-server-impl] sync thread hitch warning: timer interval of 318 milliseconds
[          script:vrp] event Queue:playerActivated was not safe for net
[ citizen-server-impl] sync thread hitch warning: timer interval of 468 milliseconds
[ citizen-server-impl] sync thread hitch warning: timer interval of 114 milliseconds
[ citizen-server-impl] sync thread hitch warning: timer interval of 343 milliseconds
[ citizen-server-impl] sync thread hitch warning: timer interval of 147 milliseconds
[          script:vrp] SCRIPT ERROR: @vrp/server/identity.lua:8: attempt to index a nil value (field 'integer index')
[          script:vrp] > getUserRegistration (@vrp/server/identity.lua:8)
[          script:vrp] > handler (@vrp/base.lua:339)
[          script:vrp] > safeCallback (@oxmysql/oxmysql.js:19882)
[          script:vrp] > <unknown> (@oxmysql/oxmysql.js:19886)
[          script:vrp] > processTicksAndRejections (node:internal/process/task_queues:96)
[      script:oxmysql] [ERROR] oxdrive was unable to execute a query!
[      script:oxmysql]         Column 'user_id' cannot be null
[      script:oxmysql]         INSERT INTO bank(user_id, balance, username, password) VALUES(NULL, 2500, 'alucard', '99005316')
║             TXADMIN║ txaReportResources 
[      script:monitor] [txAdmin] Sending resources list to txAdmin.
║      Alucard_Fagner║ refresh 
[           resources] Scanning resources.
║             TXADMIN║ txaReportResources 
[           resources] Found 0 new resources, and refreshed 1/66 resources.
[ citizen-server-impl] server thread hitch warning: timer interval of 447 milliseconds
[      script:monitor] [txAdmin] Sending resources list to txAdmin.
║      Alucard_Fagner║ stop "oxmysql"
[           resources] Stopping resource oxdrive
║             TXADMIN║ txaReportResources 
[           resources] Stopping resource vrp
[           resources] Stopping resource oxmysql
[      script:monitor] [txAdmin] Sending resources list to txAdmin.
║      Alucard_Fagner║ refresh 
[           resources] Scanning resources.
║             TXADMIN║ txaReportResources 
[           resources] Found 0 new resources, and refreshed 0/66 resources.
[      script:monitor] [txAdmin] Sending resources list to txAdmin.
║      Alucard_Fagner║ ensure "oxmysql"
║             TXADMIN║ txaReportResources 
[    c-scripting-core] Creating script environments for oxmysql
[           resources] Started resource oxmysql
[ citizen-server-impl] server thread hitch warning: timer interval of 1464 milliseconds
[      script:monitor] [txAdmin] Sending resources list to txAdmin.
[      script:oxmysql] [10.4.32-MariaDB] Database server connection established!
║             TXADMIN║ txaReportResources 
[      script:monitor] [txAdmin] Sending resources list to txAdmin.
║             TXADMIN║ txaReportResources 
[      script:monitor] [txAdmin] Sending resources list to txAdmin.
║      Alucard_Fagner║ ensure "zBank"
║             TXADMIN║ txaReportResources 
[           resources] Stopping resource zBank
[    c-scripting-core] Creating script environments for zBank
[        script:zBank] Error parsing script @zBank/server/skywalker.lua in resource zBank: @zBank/server/skywalker.lua:196: '}' expected near '='
[    c-scripting-core] Failed to load script server/skywalker.lua.
[           resources] Started resource zBank
[ citizen-server-impl] server thread hitch warning: timer interval of 279 milliseconds
[      script:monitor] [txAdmin] Sending resources list to txAdmin.
║             TXADMIN║ txaReportResources 
[      script:monitor] [txAdmin] Sending resources list to txAdmin.
║      Alucard_Fagner║ ensure "zBank"
[           resources] Stopping resource zBank
[    c-scripting-core] Creating script environments for zBank
║             TXADMIN║ txaReportResources 
[        script:zBank] Error parsing script @zBank/server/skywalker.lua in resource zBank: @zBank/server/skywalker.lua:196: ')' expected near '='
[    c-scripting-core] Failed to load script server/skywalker.lua.
[           resources] Started resource zBank
[ citizen-server-impl] server thread hitch warning: timer interval of 713 milliseconds
[      script:monitor] [txAdmin] Sending resources list to txAdmin.
║             TXADMIN║ txaReportResources 
[      script:monitor] [txAdmin] Sending resources list to txAdmin.
║      Alucard_Fagner║ ensure "zBank"
║             TXADMIN║ txaReportResources 
[           resources] Stopping resource zBank
[    c-scripting-core] Creating script environments for zBank
[           resources] Started resource zBank
[ citizen-server-impl] server thread hitch warning: timer interval of 1188 milliseconds
[      script:monitor] [txAdmin] Sending resources list to txAdmin.
[ citizen-server-impl] sync thread hitch warning: timer interval of 120 milliseconds
║             TXADMIN║ txaEvent "serverShuttingDown" "{\"delay\":5000,\"author\":\"Alucard_Fagner\",\"message\":\"Server restarting (admin request).\"}"
[      script:monitor] [txAdmin] Server shutting down. Kicking all players.

║             TXADMIN║ ================================================================
║             TXADMIN║ ======== [10340] FXServer Starting - 08/07/2025 00:19:37        
║             TXADMIN║ ================================================================
[           resources] Scanning resources.
[           resources] Found 66 resources.
[          svadhesive] Authenticating server license key...
[          svadhesive] Server license key authentication succeeded. Welcome!
[    c-scripting-core] Creating script environments for sessionmanager
[           resources] Started resource sessionmanager
[    c-scripting-core] Creating script environments for monitor
[      script:monitor] [txAdmin] Resource v8.0.1 threads and commands set up. All Ready.
[           resources] Started resource monitor
[           resources] Started resource fivem
[           resources] Started resource fivem-map-hipster
[    c-scripting-core] Creating script environments for mapmanager
[           resources] Started resource mapmanager
[           resources] Started resource spawnmanager
[    c-scripting-core] Creating script environments for oxmysql
[           resources] Started resource oxmysql
[    c-scripting-core] Creating script environments for vrp
[          script:vrp] SCRIPT ERROR: @vrp/server/comando.lua:3: No such export GetCoreObject in resource vrp-core
[       resources:vrp] Warning: could not find file `lib/Luaseq.lua` (defined in fxmanifest.lua:28)
[           resources] Started resource vrp (1 warning)
[    c-scripting-core] Creating script environments for oxdrive
[           resources] Started resource oxdrive
[    c-scripting-core] Creating script environments for zBarberShops
[           resources] Started resource zBarberShops
[    c-scripting-core] Creating script environments for zCreator
[           resources] Started resource zCreator
[    c-scripting-core] Creating script environments for zMultiChar
[           resources] Started resource zMultiChar
[    c-scripting-core] Creating script environments for zSkinShops
[           resources] Started resource zSkinShops
[    c-scripting-core] Creating script environments for zAdmin
[           resources] Started resource zAdmin
[           resources] Started resource zAnimations
[    c-scripting-core] Creating script environments for zBank
[           resources] Started resource zBank
[    c-scripting-core] Creating script environments for zCoins
[           resources] Started resource zCoins
[    c-scripting-core] Creating script environments for zCraft
[           resources] Started resource zCraft
[    c-scripting-core] Creating script environments for zDealership
[           resources] Started resource zDealership
[    c-scripting-core] Creating script environments for zDismantle
[           resources] Started resource zDismantle
[    c-scripting-core] Creating script environments for zDoors
[           resources] Started resource zDoors
[    c-scripting-core] Creating script environments for zFuel
[           resources] Started resource zFuel
[    c-scripting-core] Creating script environments for zGarages
[           resources] Started resource zGarages
[    c-scripting-core] [0mCreating script environments for zHomes
[           resources] Started resource zHomes
[    c-scripting-core] Creating script environments for zHud
[           resources] Started resource zHud
[    c-scripting-core] Creating script environments for zInventory
[           resources] Started resource zInventory
[           resources] Started resource zLoadingscreen
[    c-scripting-core] Creating script environments for zLogin
[           resources] Started resource zLogin
[    c-scripting-core] Creating script environments for zMedical
[           resources] Started resource zMedical
[    c-scripting-core] Creating script environments for zNotify
[           resources] Started resource zNotify
[    c-scripting-core] Creating script environments for zOrg
[           resources] Started resource zOrg
[    c-scripting-core] Creating script environments for zPlayer
[           resources] Started resource zPlayer
[    c-scripting-core] Creating script environments for zPolice
[           resources] Started resource zPolice
[    c-scripting-core] Creating script environments for zShops
[           resources] Started resource zShops
[           resources] Started resource zSounds
[    c-scripting-core] Creating script environments for zSurvival
[           resources] Started resource zSurvival
[    c-scripting-core] Creating script environments for PolyZone
[           resources] Started resource PolyZone
[           resources] Started resource zTarget
[    c-scripting-core] Creating script environments for zDriver
[           resources] Started resource zDriver
[    c-scripting-core] Creating script environments for zGarbargeman
[           resources] Started resource zGarbargeman
[    c-scripting-core] Creating script environments for zHarvest
[           resources] Started resource zHarvest
[    c-scripting-core] Creating script environments for zMiner
[           resources] Started resource zMiner
[    c-scripting-core] Creating script environments for zLumberman
[           resources] Started resource zLumberman
[    c-scripting-core] Creating script environments for zTaxi
[           resources] Started resource zTaxi
[    c-scripting-core] Creating script environments for zPostman
[           resources] Started resource zPostman
[    c-scripting-core] Creating script environments for zTruckdriver
[           resources] Started resource zTruckdriver
[    c-scripting-core] Creating script environments for chat
[      resources:chat] Warning: could not find file `html/config.js` (defined in fxmanifest.lua:16)
[           resources] Started resource chat (1 warning)
[           resources] Started resource logsystem
[           resources] Started resource minimap
[    c-scripting-core] Creating script environments for mumble-voip
[           resources] Started resource mumble-voip
[    c-scripting-core] Creating script environments for vehcontrol
[           resources] Started resource vehcontrol
[resources:ped:stream] Asset ped/mp_f_freemode_01^hair_diff_001_a_uni.ytd uses 32.0 MiB of physical memory.
[resources:ped:stream] Asset ped/mp_f_freemode_01^hair_diff_006_a_uni.ytd uses 32.0 MiB of physical memory.
[resources:ped:stream] Asset ped/mp_f_freemode_01^hair_diff_007_a_uni.ytd uses 32.0 MiB of physical memory.
[resources:ped:stream] Asset ped/mp_f_freemode_01^hair_diff_014_a_uni.ytd uses 32.0 MiB of physical memory.
[resources:ped:stream] Asset ped/mp_f_freemode_01^task_004_u.ydd uses 64.0 MiB of physical memory. Oversized assets can and WILL lead to streaming issues (such as models not loading/rendering).
[resources:ped:stream] Asset ped/mp_f_freemode_01^task_006_u.ydd uses 64.0 MiB of physical memory. Oversized assets can and WILL lead to streaming issues (such as models not loading/rendering).
[resources:ped:stream] Asset ped/mp_f_freemode_01^task_diff_004_b_uni.ytd uses 64.0 MiB of physical memory. Oversized assets can and WILL lead to streaming issues (such as models not loading/rendering).
[resources:ped:stream] Asset ped/mp_f_freemode_01^task_diff_004_c_uni.ytd uses 64.0 MiB of physical memory. Oversized assets can and WILL lead to streaming issues (such as models not loading/rendering).
[resources:ped:stream] Asset ped/mp_f_freemode_01^task_diff_004_d_uni.ytd uses 64.0 MiB of physical memory. Oversized assets can and WILL lead to streaming issues (such as models not loading/rendering).
[resources:ped:stream] Asset ped/mp_f_freemode_01^task_diff_004_e_uni.ytd uses 64.0 MiB of physical memory. Oversized assets can and WILL lead to streaming issues (such as models not loading/rendering).
[resources:ped:stream] Asset ped/mp_f_freemode_01^task_diff_006_b_uni.ytd uses 64.0 MiB of physical memory. Oversized assets can and WILL lead to streaming issues (such as models not loading/rendering).
[resources:ped:stream] Asset ped/mp_f_freemode_01^task_diff_006_c_uni.ytd uses 64.0 MiB of physical memory. Oversized assets can and WILL lead to streaming issues (such as models not loading/rendering).
[resources:ped:stream] Asset ped/mp_f_freemode_01^task_diff_006_d_uni.ytd uses 64.0 MiB of physical memory. Oversized assets can and WILL lead to streaming issues (such as models not loading/rendering).
[resources:ped:stream] Asset ped/mp_f_freemode_01^task_diff_006_e_uni.ytd uses 64.0 MiB of physical memory. Oversized assets can and WILL lead to streaming issues (such as models not loading/rendering).
[resources:ped:stream] Asset ped/mp_f_freemode_01^task_diff_007_b_uni.ytd uses 64.0 MiB of physical memory. Oversized assets can and WILL lead to streaming issues (such as models not loading/rendering).
[resources:ped:stream] Asset ped/mp_f_freemode_01^task_diff_007_c_uni.ytd uses 64.0 MiB of physical memory. Oversized assets can and WILL lead to streaming issues (such as models not loading/rendering).
[resources:ped:stream] Asset ped/mp_f_freemode_01^task_diff_007_d_uni.ytd uses 64.0 MiB of physical memory. Oversized assets can and WILL lead to streaming issues (such as models not loading/rendering).
[resources:ped:stream] Asset ped/mp_f_freemode_01^task_diff_007_e_uni.ytd uses 64.0 MiB of physical memory. Oversized assets can and WILL lead to streaming issues (such as models not loading/rendering).
[resources:ped:stream] Asset ped/mp_f_freemode_01^teef_001_u.ydd uses 32.0 MiB of physical memory.
[resources:ped:stream] Asset ped/mp_f_freemode_01^teef_002_u.ydd uses 32.0 MiB of physical memory.
[resources:ped:stream] Asset ped/mp_f_freemode_01^teef_003_u.ydd uses 32.0 MiB of physical memory.
[resources:ped:stream] Asset ped/mp_f_freemode_01_female_freemode_beach^hair_diff_001_a_uni.ytd uses 32.0 MiB of physical memory.
[resources:ped:stream] Asset ped/mp_f_freemode_01_female_freemode_business^jbib_diff_001_a_uni.ytd uses 32.0 MiB of physical memory.
[resources:ped:stream] Asset ped/mp_f_freemode_01_mp_f_bikerdlc_01^hair_diff_000_a_uni.ytd uses 32.0 MiB of physical memory.
[resources:ped:stream] Asset ped/mp_f_freemode_01_mp_f_january2016^hand_000_u.ydd uses 32.0 MiB of physical memory.
[resources:ped:stream] Asset ped/mp_f_freemode_01_mp_f_january2016^hand_diff_000_a_uni.ytd uses 32.0 MiB of physical memory.
[resources:ped:stream] Asset ped/mp_f_freemode_01_mp_f_january2016^hand_diff_000_b_uni.ytd uses 32.0 MiB of physical memory.
[resources:ped:stream] Asset ped/mp_f_freemode_01_mp_f_january2016^hand_diff_000_c_uni.ytd uses 32.0 MiB of physical memory.
[resources:ped:stream] Asset ped/mp_f_freemode_01_mp_f_january2016^hand_diff_000_d_uni.ytd uses 32.0 MiB of physical memory.
[resources:ped:stream] Asset ped/mp_f_freemode_01_mp_f_january2016^hand_diff_000_e_uni.ytd uses 32.0 MiB of physical memory.
[resources:ped:stream] Asset ped/mp_f_freemode_01_mp_f_january2016^task_diff_010_b_uni.ytd uses 32.0 MiB of physical memory.
[resources:ped:stream] Asset ped/mp_f_freemode_01_mp_f_january2016^task_diff_010_c_uni.ytd uses 32.0 MiB of physical memory.
[resources:ped:stream] Asset ped/mp_f_freemode_01_mp_f_stunt_01^jbib_diff_004_a_uni.ytd uses 32.0 MiB of physical memory.
[resources:ped:stream] Asset ped/mp_f_freemode_01_p^p_head_000.ydd uses 32.0 MiB of physical memory.
[resources:ped:stream] Asset ped/mp_m_freemode_01^hair_diff_004_a_uni.ytd uses 32.0 MiB of physical memory.
[resources:ped:stream] Asset ped/mp_m_freemode_01^task_004_u.ydd uses 64.0 MiB of physical memory. Oversized assets can and WILL lead to streaming issues (such as models not loading/rendering).
[resources:ped:stream] Asset ped/mp_m_freemode_01^task_006_u.ydd uses 64.0 MiB of physical memory. Oversized assets can and WILL lead to streaming issues (such as models not loading/rendering).
[resources:ped:stream] Asset ped/mp_m_freemode_01^task_diff_004_b_uni.ytd uses 64.0 MiB of physical memory. Oversized assets can and WILL lead to streaming issues (such as models not loading/rendering).
[resources:ped:stream] Asset ped/mp_m_freemode_01^task_diff_004_c_uni.ytd uses 64.0 MiB of physical memory. Oversized assets can and WILL lead to streaming issues (such as models not loading/rendering).
[resources:ped:stream] Asset ped/mp_m_freemode_01^task_diff_004_d_uni.ytd uses 64.0 MiB of physical memory. Oversized assets can and WILL lead to streaming issues (such as models not loading/rendering).
[resources:ped:stream] Asset ped/mp_m_freemode_01^task_diff_004_e_uni.ytd uses 64.0 MiB of physical memory. Oversized assets can and WILL lead to streaming issues (such as models not loading/rendering).
[resources:ped:stream] Asset ped/mp_m_freemode_01^task_diff_006_b_uni.ytd uses 64.0 MiB of physical memory. Oversized assets can and WILL lead to streaming issues (such as models not loading/rendering).
[resources:ped:stream] Asset ped/mp_m_freemode_01^task_diff_006_c_uni.ytd uses 64.0 MiB of physical memory. Oversized assets can and WILL lead to streaming issues (such as models not loading/rendering).
[resources:ped:stream] Asset ped/mp_m_freemode_01^task_diff_006_d_uni.ytd uses 64.0 MiB of physical memory. Oversized assets can and WILL lead to streaming issues (such as models not loading/rendering).
[resources:ped:stream] Asset ped/mp_m_freemode_01^task_diff_006_e_uni.ytd uses 64.0 MiB of physical memory. Oversized assets can and WILL lead to streaming issues (such as models not loading/rendering).
[resources:ped:stream] Asset ped/mp_m_freemode_01^task_diff_007_b_uni.ytd uses 64.0 MiB of physical memory. Oversized assets can and WILL lead to streaming issues (such as models not loading/rendering).
[resources:ped:stream] Asset ped/mp_m_freemode_01^task_diff_007_c_uni.ytd uses 64.0 MiB of physical memory. Oversized assets can and WILL lead to streaming issues (such as models not loading/rendering).
[resources:ped:stream] Asset ped/mp_m_freemode_01^task_diff_007_d_uni.ytd uses 64.0 MiB of physical memory. Oversized assets can and WILL lead to streaming issues (such as models not loading/rendering).
[resources:ped:stream] Asset ped/mp_m_freemode_01^task_diff_007_e_uni.ytd uses 64.0 MiB of physical memory. Oversized assets can and WILL lead to streaming issues (such as models not loading/rendering).
[resources:ped:stream] Asset ped/mp_m_freemode_01_mp_m_january2016^hand_000_u.ydd uses 32.0 MiB of physical memory.
[resources:ped:stream] Asset ped/mp_m_freemode_01_mp_m_january2016^hand_diff_000_a_uni.ytd uses 32.0 MiB of physical memory.
[resources:ped:stream] Asset ped/mp_m_freemode_01_mp_m_january2016^hand_diff_000_b_uni.ytd uses 32.0 MiB of physical memory.
[resources:ped:stream] Asset ped/mp_m_freemode_01_mp_m_january2016^hand_diff_000_c_uni.ytd uses 32.0 MiB of physical memory.
[resources:ped:stream] Asset ped/mp_m_freemode_01_mp_m_january2016^hand_diff_000_d_uni.ytd uses 32.0 MiB of physical memory.
[resources:ped:stream] Asset ped/mp_m_freemode_01_mp_m_january2016^hand_diff_000_e_uni.ytd uses 32.0 MiB of physical memory.
[resources:ped:stream] Asset ped/mp_m_freemode_01_mp_m_january2016^jbib_diff_000_a_uni.ytd uses 32.0 MiB of physical memory.
[resources:ped:stream] Asset ped/mp_m_freemode_01_mp_m_january2016^task_diff_010_b_uni.ytd uses 32.0 MiB of physical memory.
[resources:ped:stream] Asset ped/mp_m_freemode_01_mp_m_january2016^task_diff_010_c_uni.ytd uses 32.0 MiB of physical memory.
[resources:ped:stream] Asset ped/mp_m_freemode_01_mp_m_january2016^task_diff_010_k_uni.ytd uses 32.0 MiB of physical memory.
[resources:ped:stream] Asset ped/mp_m_freemode_01_mp_m_stunt_01^jbib_diff_004_a_uni.ytd uses 32.0 MiB of physical memory.
[           resources] Started resource ped (60 warnings)
[resources:zirix_maps] Asset zirix_maps/brofx_5_drak.ydr uses 48.0 MiB of virtual memory.
[resources:zirix_maps] Asset zirix_maps/brofx_mansion07.ydr uses 24.0 MiB of virtual memory.
[resources:zirix_maps] Asset zirix_maps/ch_chint06_dlc_casino_back.ytd uses 21.5 MiB of physical memory.
[resources:zirix_maps] Asset zirix_maps/designer_house_txd.ytd uses 24.2 MiB of physical memory.
[resources:zirix_maps] Asset zirix_maps/dp_int_txd.ytd uses 20.0 MiB of physical memory.
[resources:zirix_maps] Asset zirix_maps/gn_crastenburg.ytd uses 23.2 MiB of physical memory.
[resources:zirix_maps] Asset zirix_maps/house_2_lks_bedroom_prop.ydr uses 20.4 MiB of physical memory.
[resources:zirix_maps] Asset zirix_maps/interior_txd.ytd uses 22.0 MiB of physical memory.
[resources:zirix_maps] Asset zirix_maps/italy_texture.ytd uses 16.7 MiB of physical memory.
[resources:zirix_maps] Asset zirix_maps/modernhouse1.ytd uses 23.5 MiB of physical memory.
[resources:zirix_maps] Asset zirix_maps/moutnz_zonah.ytd uses 40.0 MiB of physical memory.
[resources:zirix_maps] Asset zirix_maps/mz_carpak_shell.ydr uses 25.5 MiB of physical memory.
[resources:zirix_maps] Asset zirix_maps/mz_pharm.ytd uses 56.0 MiB of physical memory. Oversized assets can and WILL lead to streaming issues (such as models not loading/rendering).
[resources:zirix_maps] Asset zirix_maps/prison_first_txd.ytd uses 28.2 MiB of physical memory.
[resources:zirix_maps] Asset zirix_maps/prison_main_txd.ytd uses 26.2 MiB of physical memory.
[resources:zirix_maps] Asset zirix_maps/prison_second_txd.ytd uses 16.8 MiB of physical memory.
[resources:zirix_maps] Asset zirix_maps/pw-hightimes-shelf-skins.ydr uses 32.0 MiB of physical memory.
[resources:zirix_maps] Asset zirix_maps/slb2k11_airport_shell.ydr uses 19.5 MiB of physical memory.
[resources:zirix_maps] Asset zirix_maps/texturetaxi.ytd uses 19.1 MiB of physical memory.
[resources:zirix_maps] Asset zirix_maps/v_19_stripclub.ytd uses 23.0 MiB of physical memory.
[resources:zirix_maps] Asset zirix_maps/v_5_1.ytd uses 25.0 MiB of physical memory.
[resources:zirix_maps] Asset zirix_maps/vesp_01floor_txd.ytd uses 16.2 MiB of physical memory.
[resources:zirix_maps] Asset zirix_maps/vesp_03floor_txd.ytd uses 17.2 MiB of physical memory.
[resources:zirix_maps] Asset zirix_maps/vesp_1floor_txd.ytd uses 21.8 MiB of physical memory.
[resources:zirix_maps] Asset zirix_maps/vesp_2floor_txd.ytd uses 22.9 MiB of physical memory.
[resources:zirix_maps] Asset zirix_maps/vesp_txd.ytd uses 24.4 MiB of physical memory.
[           resources] Started resource zirix_maps (26 warnings)
[ citizen-server-impl] Could not open logotipo.png for reading.
[ citizen-server-main] Warning: The players.json endpoint has been modified to no longer return the player identifiers without authentication.
[ citizen-server-main] To learn more about this change read our announcement at https://aka.cfx.re/players-json-privacy
[      script:oxmysql] [10.4.32-MariaDB] Database server connection established!
[ citizen-server-impl]         fff                          
[ citizen-server-impl]   cccc ff   xx  xx     rr rr    eee  
[ citizen-server-impl] cc     ffff   xx       rrr  r ee   e 
[ citizen-server-impl] cc     ff     xx   ... rr     eeeee  
[ citizen-server-impl]  ccccc ff   xx  xx ... rr      eeeee 
[ citizen-server-impl]                                      
[ citizen-server-impl] Authenticated with cfx.re Nucleus: https://alucard-fagner-lgjp45.users.cfx.re/
[          script:vrp] Priority Users Loaded:	0
[ citizen-server-impl] server thread hitch warning: timer interval of 207 milliseconds
[ citizen-server-impl] sync thread hitch warning: timer interval of 149 milliseconds
[          script:vrp] event Queue:playerActivated was not safe for net
[ citizen-server-impl] network thread hitch warning: timer interval of 152 milliseconds
[ citizen-server-impl] sync thread hitch warning: timer interval of 216 milliseconds
[ citizen-server-impl] server thread hitch warning: timer interval of 471 milliseconds
[          script:vrp] SCRIPT ERROR: @vrp/server/identity.lua:8: attempt to index a nil value (field 'integer index')
[          script:vrp] > getUserRegistration (@vrp/server/identity.lua:8)
[          script:vrp] > handler (@vrp/base.lua:339)
[          script:vrp] > rawQuery (@oxmysql/dist/build.js:26045)
[          script:vrp] > processTicksAndRejections (node:internal/process/task_queues:96)
[ citizen-server-impl] server thread hitch warning: timer interval of 181 milliseconds
║             TXADMIN║ txaReportResources 
[      script:monitor] [txAdmin] Sending resources list to txAdmin.
║      Alucard_Fagner║ ensure "vrp"
║             TXADMIN║ txaReportResources 
[           resources] Stopping resource oxdrive
[           resources] Stopping resource vrp
[    c-scripting-core] Creating script environments for vrp
[          script:vrp] SCRIPT ERROR: @vrp/server/comando.lua:3: No such export GetCoreObject in resource vrp-core
[       resources:vrp] Warning: could not find file `lib/Luaseq.lua` (defined in fxmanifest.lua:28)
[           resources] Started resource vrp (1 warning)
[ citizen-server-impl] server thread hitch warning: timer interval of 667 milliseconds
[      script:monitor] [txAdmin] Sending resources list to txAdmin.
║      Alucard_Fagner║ refresh 
[           resources] Scanning resources.
║             TXADMIN║ txaReportResources 
[           resources] Found 0 new resources, and refreshed 0/66 resources.
[ citizen-server-impl] server thread hitch warning: timer interval of 222 milliseconds
[      script:monitor] [txAdmin] Sending resources list to txAdmin.
║             TXADMIN║ txaEvent "serverShuttingDown" "{\"delay\":5000,\"author\":\"Alucard_Fagner\",\"message\":\"Server restarting (admin request).\"}"
[      script:monitor] [txAdmin] Server shutting down. Kicking all players.

║             TXADMIN║ ================================================================
║             TXADMIN║ ======== [1364] FXServer Starting - 08/07/2025 00:30:31         
║             TXADMIN║ ================================================================
[           resources] Scanning resources.
[           resources] Found 66 resources.
[          svadhesive] Authenticating server license key...
[          svadhesive] Server license key authentication succeeded. Welcome!
[    c-scripting-core] Creating script environments for sessionmanager
[           resources] Started resource sessionmanager
[    c-scripting-core] Creating script environments for monitor
[      script:monitor] [txAdmin] Resource v8.0.1 threads and commands set up. All Ready.
[           resources] Started resource monitor
[           resources] Started resource fivem
[           resources] Started resource fivem-map-hipster
[    c-scripting-core] Creating script environments for mapmanager
[           resources] Started resource mapmanager
[           resources] Started resource spawnmanager
[    c-scripting-core] Creating script environments for oxmysql
[           resources] Started resource oxmysql
[    c-scripting-core] Creating script environments for vrp
[          script:vrp] SCRIPT ERROR: @vrp/server/comando.lua:3: No such export GetCoreObject in resource vrp-core
[       resources:vrp] Warning: could not find file `lib/Luaseq.lua` (defined in fxmanifest.lua:28)
[           resources] Started resource vrp (1 warning)
[    c-scripting-core] Creating script environments for oxdrive
[           resources] Started resource oxdrive
[    c-scripting-core] Creating script environments for zBarberShops
[           resources] Started resource zBarberShops
[    c-scripting-core] Creating script environments for zCreator
[           resources] Started resource zCreator
[    c-scripting-core] Creating script environments for zMultiChar
[           resources] Started resource zMultiChar
[    c-scripting-core] Creating script environments for zSkinShops
[           resources] Started resource zSkinShops
[    c-scripting-core] Creating script environments for zAdmin
[           resources] Started resource zAdmin
[           resources] Started resource zAnimations
[    c-scripting-core] Creating script environments for zBank
[           resources] Started resource zBank
[    c-scripting-core] Creating script environments for zCoins
[           resources] Started resource zCoins
[    c-scripting-core] Creating script environments for zCraft
[           resources] Started resource zCraft
[    c-scripting-core] Creating script environments for zDealership
[           resources] Started resource zDealership
[    c-scripting-core] Creating script environments for zDismantle
[           resources] Started resource zDismantle
[    c-scripting-core] Creating script environments for zDoors
[           resources] Started resource zDoors
[    c-scripting-core] Creating script environments for zFuel
[           resources] Started resource zFuel
[    c-scripting-core] Creating script environments for zGarages
[           resources] Started resource zGarages
[    c-scripting-core] Creating script environments for zHomes
[           resources] Started resource zHomes
[    c-scripting-core] Creating script environments for zHud
[           resources] Started resource zHud
[    c-scripting-core] Creating script environments for zInventory
[           resources] Started resource zInventory
[           resources] Started resource zLoadingscreen
[    c-scripting-core] Creating script environments for zLogin
[           resources] Started resource zLogin
[    c-scripting-core] Creating script environments for zMedical
[           resources] Started resource zMedical
[    c-scripting-core] Creating script environments for zNotify
[           resources] Started resource zNotify
[    c-scripting-core] Creating script environments for zOrg
[           resources] Started resource zOrg
[    c-scripting-core] Creating script environments for zPlayer
[           resources] Started resource zPlayer
[    c-scripting-core] Creating script environments for zPolice
[           resources] Started resource zPolice
[    c-scripting-core] Creating script environments for zShops
[           resources] Started resource zShops
[           resources] Started resource zSounds
[    c-scripting-core] Creating script environments for zSurvival
[           resources] Started resource zSurvival
[    c-scripting-core] Creating script environments for PolyZone
[           resources] Started resource PolyZone
[           resources] Started resource zTarget
[    c-scripting-core] Creating script environments for zDriver
[           resources] Started resource zDriver
[    c-scripting-core] Creating script environments for zGarbargeman
[           resources] Started resource zGarbargeman
[    c-scripting-core] Creating script environments for zHarvest
[           resources] Started resource zHarvest
[    c-scripting-core] Creating script environments for zMiner
[           resources] Started resource zMiner
[    c-scripting-core] Creating script environments for zLumberman
[           resources] Started resource zLumberman
[    c-scripting-core] Creating script environments for zTaxi
[           resources] Started resource zTaxi
[    c-scripting-core] Creating script environments for zPostman
[           resources] Started resource zPostman
[    c-scripting-core] Creating script environments for zTruckdriver
[           resources] Started resource zTruckdriver
[    c-scripting-core] Creating script environments for chat
[      resources:chat] Warning: could not find file `html/config.js` (defined in fxmanifest.lua:16)
[           resources] Started resource chat (1 warning)
[           resources] Started resource logsystem
[           resources] Started resource minimap
[    c-scripting-core] Creating script environments for mumble-voip
[           resources] Started resource mumble-voip
[    c-scripting-core] Creating script environments for vehcontrol
[           resources] Started resource vehcontrol
[ citizen-server-impl] Could not open logotipo.png for reading.
[ citizen-server-main] Warning: The players.json endpoint has been modified to no longer return the player identifiers without authentication.
[ citizen-server-main] To learn more about this change read our announcement at https://aka.cfx.re/players-json-privacy
[      script:oxmysql] [10.4.32-MariaDB] Database server connection established!
[ citizen-server-impl]         fff                          
[ citizen-server-impl]   cccc ff   xx  xx     rr rr    eee  
[ citizen-server-impl] cc     ffff   xx       rrr  r ee   e 
[ citizen-server-impl] cc     ff     xx   ... rr     eeeee  
[ citizen-server-impl]  ccccc ff   xx  xx ... rr      eeeee 
[ citizen-server-impl]                                      
[ citizen-server-impl] Authenticated with cfx.re Nucleus: https://alucard-fagner-lgjp45.users.cfx.re/
[          script:vrp] Priority Users Loaded:	0
[ citizen-server-impl] sync thread hitch warning: timer interval of 1076 milliseconds
[ citizen-server-impl] sync thread hitch warning: timer interval of 124 milliseconds
[          script:vrp] event Queue:playerActivated was not safe for net
[ citizen-server-impl] sync thread hitch warning: timer interval of 124 milliseconds
[ citizen-server-impl] sync thread hitch warning: timer interval of 116 milliseconds
[ citizen-server-impl] sync thread hitch warning: timer interval of 175 milliseconds
[ citizen-server-impl] sync thread hitch warning: timer interval of 111 milliseconds
[ citizen-server-impl] server thread hitch warning: timer interval of 152 milliseconds
[          script:vrp] SCRIPT ERROR: @vrp/server/identity.lua:9: attempt to index a nil value (local 'user_id')
[          script:vrp] > getUserRegistration (@vrp/server/identity.lua:9)
[          script:vrp] > handler (@vrp/base.lua:339)
[          script:vrp] > rawQuery (@oxmysql/dist/build.js:26045)
[          script:vrp] > processTicksAndRejections (node:internal/process/task_queues:96)
[ citizen-server-impl] server thread hitch warning: timer interval of 254 milliseconds
[ citizen-server-impl] sync thread hitch warning: timer interval of 125 milliseconds
║             TXADMIN║ txaEvent "serverShuttingDown" "{\"delay\":5000,\"author\":\"Alucard_Fagner\",\"message\":\"Server restarting (admin request).\"}"
[      script:monitor] [txAdmin] Server shutting down. Kicking all players.

║             TXADMIN║ ================================================================
║             TXADMIN║ ======== [7440] FXServer Starting - 08/07/2025 00:34:35         
║             TXADMIN║ ================================================================
[           resources] Scanning resources.
[           resources] Found 66 resources.
[          svadhesive] Authenticating server license key...
[          svadhesive] Server license key authentication succeeded. Welcome!
[    c-scripting-core] Creating script environments for sessionmanager
[           resources] Started resource sessionmanager
[    c-scripting-core] Creating script environments for monitor
[      script:monitor] [txAdmin] Resource v8.0.1 threads and commands set up. All Ready.
[           resources] Started resource monitor
[           resources] Started resource fivem
[           resources] Started resource fivem-map-hipster
[    c-scripting-core] Creating script environments for mapmanager
[           resources] Started resource mapmanager
[           resources] Started resource spawnmanager
[    c-scripting-core] Creating script environments for oxmysql
[           resources] Started resource oxmysql
[    c-scripting-core] Creating script environments for vrp
[          script:vrp] SCRIPT ERROR: @vrp/server/comando.lua:3: No such export GetCoreObject in resource vrp-core
[       resources:vrp] Warning: could not find file `lib/Luaseq.lua` (defined in fxmanifest.lua:28)
[           resources] Started resource vrp (1 warning)
[    c-scripting-core] Creating script environments for oxdrive
[           resources] Started resource oxdrive
[    c-scripting-core] Creating script environments for zBarberShops
[           resources] Started resource zBarberShops
[    c-scripting-core] Creating script environments for zCreator
[           resources] Started resource zCreator
[    c-scripting-core] Creating script environments for zMultiChar
[           resources] Started resource zMultiChar
[    c-scripting-core] Creating script environments for zSkinShops
[           resources] Started resource zSkinShops
[    c-scripting-core] Creating script environments for zAdmin
[           resources] Started resource zAdmin
[           resources] Started resource zAnimations
[    c-scripting-core] Creating script environments for zBank
[           resources] Started resource zBank
[    c-scripting-core] Creating script environments for zCoins
[           resources] Started resource zCoins
[    c-scripting-core] Creating script environments for zCraft
[           resources] Started resource zCraft
[    c-scripting-core] Creating script environments for zDealership
[           resources] Started resource zDealership
[    c-scripting-core] Creating script environments for zDismantle
[           resources] Started resource zDismantle
[    c-scripting-core] Creating script environments for zDoors
[           resources] Started resource zDoors
[    c-scripting-core] Creating script environments for zFuel
[           resources] Started resource zFuel
[    c-scripting-core] Creating script environments for zGarages
[           resources] Started resource zGarages
[    c-scripting-core] Creating script environments for zHomes
[           resources] Started resource zHomes
[    c-scripting-core] Creating script environments for zHud
[           resources] Started resource zHud
[    c-scripting-core] Creating script environments for zInventory
[           resources] Started resource zInventory
[           resources] Started resource zLoadingscreen
[    c-scripting-core] Creating script environments for zLogin
[           resources] Started resource zLogin
[    c-scripting-core] Creating script environments for zMedical
[           resources] Started resource zMedical
[    c-scripting-core] Creating script environments for zNotify
[           resources] Started resource zNotify
[    c-scripting-core] Creating script environments for zOrg
[           resources] Started resource zOrg
[    c-scripting-core] Creating script environments for zPlayer
[           resources] Started resource zPlayer
[    c-scripting-core] Creating script environments for zPolice
[           resources] Started resource zPolice
[    c-scripting-core] Creating script environments for zShops
[           resources] Started resource zShops
[           resources] Started resource zSounds
[    c-scripting-core] Creating script environments for zSurvival
[           resources] Started resource zSurvival
[    c-scripting-core] Creating script environments for PolyZone
[           resources] Started resource PolyZone
[           resources] Started resource zTarget
[    c-scripting-core] Creating script environments for zDriver
[           resources] Started resource zDriver
[    c-scripting-core] Creating script environments for zGarbargeman
[           resources] Started resource zGarbargeman
[    c-scripting-core] Creating script environments for zHarvest
[           resources] Started resource zHarvest
[    c-scripting-core] Creating script environments for zMiner
[           resources] Started resource zMiner
[    c-scripting-core] Creating script environments for zLumberman
[           resources] Started resource zLumberman
[    c-scripting-core] Creating script environments for zTaxi
[           resources] Started resource zTaxi
[    c-scripting-core] Creating script environments for zPostman
[           resources] Started resource zPostman
[    c-scripting-core] Creating script environments for zTruckdriver
[           resources] Started resource zTruckdriver
[    c-scripting-core] Creating script environments for chat
[      resources:chat] Warning: could not find file `html/config.js` (defined in fxmanifest.lua:16)
[           resources] Started resource chat (1 warning)
[           resources] Started resource logsystem
[           resources] Started resource minimap
[    c-scripting-core] Creating script environments for mumble-voip
[           resources] Started resource mumble-voip
[    c-scripting-core] Creating script environments for vehcontrol
[           resources] Started resource vehcontrol
[ citizen-server-impl] Could not open logotipo.png for reading.
[ citizen-server-main] Warning: The players.json endpoint has been modified to no longer return the player identifiers without authentication.
[ citizen-server-main] To learn more about this change read our announcement at https://aka.cfx.re/players-json-privacy
[      script:oxmysql] [10.4.32-MariaDB] Database server connection established!
[ citizen-server-impl]         fff                          
[ citizen-server-impl]   cccc ff   xx  xx     rr rr    eee  
[ citizen-server-impl] cc     ffff   xx       rrr  r ee   e 
[ citizen-server-impl] cc     ff     xx   ... rr     eeeee  
[ citizen-server-impl]  ccccc ff   xx  xx ... rr      eeeee 
[ citizen-server-impl]                                      
[ citizen-server-impl] Authenticated with cfx.re Nucleus: https://alucard-fagner-lgjp45.users.cfx.re/
[          script:vrp] Priority Users Loaded:	0
[          script:vrp] event Queue:playerActivated was not safe for net
[    c-scripting-core] script error in native 00000000ff7f66ab: Argument at index 0 was null.
[          script:vrp] SCRIPT ERROR: native 00000000ff7f66ab: Argument at index 0 was null.
[          script:vrp] > GetNumPlayerIdentifiers (GetNumPlayerIdentifiers.lua:3)
[          script:vrp] > getUserId (@vrp/base.lua:175)
[          script:vrp] > getUserRegistration (@vrp/server/identity.lua:7)
[          script:vrp] > handler (@vrp/base.lua:339)
[          script:vrp] > rawQuery (@oxmysql/dist/build.js:26045)
[          script:vrp] > processTicksAndRejections (node:internal/process/task_queues:96)
[ citizen-server-impl] server thread hitch warning: timer interval of 175 milliseconds
║             TXADMIN║ txaEvent "serverShuttingDown" "{\"delay\":5000,\"author\":\"Alucard_Fagner\",\"message\":\"Server restarting (admin request).\"}"
[      script:monitor] [txAdmin] Server shutting down. Kicking all players.
[ citizen-server-impl] server thread hitch warning: timer interval of 310 milliseconds

║             TXADMIN║ ================================================================
║             TXADMIN║ ======== [21272] FXServer Starting - 08/07/2025 00:40:20        
║             TXADMIN║ ================================================================
[           resources] Scanning resources.
[           resources] Found 66 resources.
[          svadhesive] Authenticating server license key...
[          svadhesive] Server license key authentication succeeded. Welcome!
[    c-scripting-core] Creating script environments for sessionmanager
[           resources] Started resource sessionmanager
[    c-scripting-core] Creating script environments for monitor
[      script:monitor] [txAdmin] Resource v8.0.1 threads and commands set up. All Ready.
[           resources] Started resource monitor
[           resources] Started resource fivem
[           resources] Started resource fivem-map-hipster
[    c-scripting-core] Creating script environments for mapmanager
[           resources] Started resource mapmanager
[           resources] Started resource spawnmanager
[    c-scripting-core] Creating script environments for oxmysql
[           resources] Started resource oxmysql
[    c-scripting-core] Creating script environments for vrp
[          script:vrp] SCRIPT ERROR: @vrp/server/comando.lua:3: No such export GetCoreObject in resource vrp-core
[       resources:vrp] Warning: could not find file `lib/Luaseq.lua` (defined in fxmanifest.lua:28)
[           resources] Started resource vrp (1 warning)
[    c-scripting-core] Creating script environments for oxdrive
[           resources] Started resource oxdrive
[    c-scripting-core] Creating script environments for zBarberShops
[           resources] Started resource zBarberShops
[    c-scripting-core] Creating script environments for zCreator
[           resources] Started resource zCreator
[    c-scripting-core] Creating script environments for zMultiChar
[           resources] Started resource zMultiChar
[    c-scripting-core] Creating script environments for zSkinShops
[           resources] Started resource zSkinShops
[    c-scripting-core] Creating script environments for zAdmin
[           resources] Started resource zAdmin
[           resources] Started resource zAnimations
[    c-scripting-core] Creating script environments for zBank
[           resources] Started resource zBank
[    c-scripting-core] Creating script environments for zCoins
[           resources] Started resource zCoins
[    c-scripting-core] Creating script environments for zCraft
[           resources] Started resource zCraft
[    c-scripting-core] Creating script environments for zDealership
[           resources] Started resource zDealership
[    c-scripting-core] Creating script environments for zDismantle
[           resources] Started resource zDismantle
[    c-scripting-core] Creating script environments for zDoors
[           resources] Started resource zDoors
[    c-scripting-core] Creating script environments for zFuel
[           resources] Started resource zFuel
[    c-scripting-core] Creating script environments for zGarages
[           resources] Started resource zGarages
[    c-scripting-core] Creating script environments for zHomes
[           resources] Started resource zHomes
[    c-scripting-core] Creating script environments for zHud
[           resources] Started resource zHud
[    c-scripting-core] Creating script environments for zInventory
[           resources] Started resource zInventory
[           resources] Started resource zLoadingscreen
[    c-scripting-core] Creating script environments for zLogin
[           resources] Started resource zLogin
[    c-scripting-core] Creating script environments for zMedical
[           resources] Started resource zMedical
[    c-scripting-core] Creating script environments for zNotify
[           resources] Started resource zNotify
[    c-scripting-core] Creating script environments for zOrg
[           resources] Started resource zOrg
[    c-scripting-core] Creating script environments for zPlayer
[           resources] Started resource zPlayer
[    c-scripting-core] Creating script environments for zPolice
[           resources] Started resource zPolice
[    c-scripting-core] Creating script environments for zShops
[           resources] Started resource zShops
[           resources] Started resource zSounds
[    c-scripting-core] Creating script environments for zSurvival
[           resources] Started resource zSurvival
[    c-scripting-core] Creating script environments for PolyZone
[           resources] Started resource PolyZone
[           resources] Started resource zTarget
[    c-scripting-core] Creating script environments for zDriver
[           resources] Started resource zDriver
[    c-scripting-core] Creating script environments for zGarbargeman
[           resources] Started resource zGarbargeman
[    c-scripting-core] Creating script environments for zHarvest
[           resources] Started resource zHarvest
[    c-scripting-core] Creating script environments for zMiner
[           resources] Started resource zMiner
[    c-scripting-core] Creating script environments for zLumberman
[           resources] Started resource zLumberman
[    c-scripting-core] Creating script environments for zTaxi
[           resources] Started resource zTaxi
[    c-scripting-core] Creating script environments for zPostman
[           resources] Started resource zPostman
[    c-scripting-core] Creating script environments for zTruckdriver
[           resources] Started resource zTruckdriver
[    c-scripting-core] Creating script environments for chat
[      resources:chat] Warning: could not find file `html/config.js` (defined in fxmanifest.lua:16)
[           resources] Started resource chat (1 warning)
[           resources] Started resource logsystem
[           resources] Started resource minimap
[    c-scripting-core] Creating script environments for mumble-voip
[           resources] Started resource mumble-voip
[    c-scripting-core] Creating script environments for vehcontrol
[           resources] Started resource vehcontrol
[ citizen-server-impl] Could not open logotipo.png for reading.
[ citizen-server-main] Warning: The players.json endpoint has been modified to no longer return the player identifiers without authentication.
[ citizen-server-main] To learn more about this change read our announcement at https://aka.cfx.re/players-json-privacy
[      script:oxmysql] [10.4.32-MariaDB] Database server connection established!
[ citizen-server-impl]         fff                          
[ citizen-server-impl]   cccc ff   xx  xx     rr rr    eee  
[ citizen-server-impl] cc     ffff   xx       rrr  r ee   e 
[ citizen-server-impl] cc     ff     xx   ... rr     eeeee  
[ citizen-server-impl]  ccccc ff   xx  xx ... rr      eeeee 
[ citizen-server-impl]                                      
[ citizen-server-impl] Authenticated with cfx.re Nucleus: https://alucard-fagner-lgjp45.users.cfx.re/
[          script:vrp] Priority Users Loaded:	0
[ citizen-server-impl] sync thread hitch warning: timer interval of 135 milliseconds
[ citizen-server-impl] sync thread hitch warning: timer interval of 184 milliseconds
[          script:vrp] event Queue:playerActivated was not safe for net
[ citizen-server-impl] sync thread hitch warning: timer interval of 330 milliseconds
[ citizen-server-impl] sync thread hitch warning: timer interval of 184 milliseconds
[          script:vrp] SCRIPT ERROR: @vrp/server/identity.lua:12: attempt to call a nil value (field 'Identity')
[          script:vrp] > getUserRegistration (@vrp/server/identity.lua:12)
[          script:vrp] > handler (@vrp/base.lua:339)
[          script:vrp] > rawQuery (@oxmysql/dist/build.js:26045)
[          script:vrp] > processTicksAndRejections (node:internal/process/task_queues:96)
[ citizen-server-impl] server thread hitch warning: timer interval of 322 milliseconds
║             TXADMIN║ txaEvent "serverShuttingDown" "{\"delay\":5000,\"author\":\"Alucard_Fagner\",\"message\":\"Server restarting (admin request).\"}"
[      script:monitor] [txAdmin] Server shutting down. Kicking all players.
[ citizen-server-impl] sync thread hitch warning: timer interval of 129 milliseconds
[ citizen-server-impl] server thread hitch warning: timer interval of 472 milliseconds

║             TXADMIN║ ================================================================
║             TXADMIN║ ======== [18804] FXServer Starting - 08/07/2025 00:45:35        
║             TXADMIN║ ================================================================
[           resources] Scanning resources.
[           resources] Found 66 resources.
[          svadhesive] Authenticating server license key...
[          svadhesive] Server license key authentication succeeded. Welcome!
[    c-scripting-core] Creating script environments for sessionmanager
[           resources] Started resource sessionmanager
[    c-scripting-core] Creating script environments for monitor
[      script:monitor] [txAdmin] Resource v8.0.1 threads and commands set up. All Ready.
[           resources] Started resource monitor
[           resources] Started resource fivem
[           resources] Started resource fivem-map-hipster
[    c-scripting-core] Creating script environments for mapmanager
[           resources] Started resource mapmanager
[           resources] Started resource spawnmanager
[    c-scripting-core] Creating script environments for oxmysql
[           resources] Started resource oxmysql
[    c-scripting-core] Creating script environments for vrp
[          script:vrp] SCRIPT ERROR: @vrp/server/comando.lua:3: No such export GetCoreObject in resource vrp-core
[       resources:vrp] Warning: could not find file `lib/Luaseq.lua` (defined in fxmanifest.lua:28)
[           resources] Started resource vrp (1 warning)
[    c-scripting-core] Creating script environments for oxdrive
[           resources] Started resource oxdrive
[    c-scripting-core] Creating script environments for zBarberShops
[           resources] Started resource zBarberShops
[    c-scripting-core] Creating script environments for zCreator
[           resources] Started resource zCreator
[    c-scripting-core] Creating script environments for zMultiChar
[           resources] Started resource zMultiChar
[    c-scripting-core] Creating script environments for zSkinShops
[           resources] Started resource zSkinShops
[    c-scripting-core] Creating script environments for zAdmin
[           resources] Started resource zAdmin
[           resources] Started resource zAnimations
[    c-scripting-core] Creating script environments for zBank
[           resources] Started resource zBank
[    c-scripting-core] Creating script environments for zCoins
[           resources] Started resource zCoins
[    c-scripting-core] Creating script environments for zCraft
[           resources] Started resource zCraft
[    c-scripting-core] Creating script environments for zDealership
[           resources] Started resource zDealership
[    c-scripting-core] Creating script environments for zDismantle
[           resources] Started resource zDismantle
[    c-scripting-core] Creating script environments for zDoors
[           resources] Started resource zDoors
[    c-scripting-core] Creating script environments for zFuel
[           resources] Started resource zFuel
[    c-scripting-core] Creating script environments for zGarages
[           resources] Started resource zGarages
[    c-scripting-core] Creating script environments for zHomes
[           resources] Started resource zHomes
[    c-scripting-core] Creating script environments for zHud
[           resources] Started resource zHud
[    c-scripting-core] Creating script environments for zInventory
║             TXADMIN║ txaEvent "serverShuttingDown" "{\"delay\":5000,\"author\":\"Alucard_Fagner\",\"message\":\"Server shutting down (admin request).\"}"
[           resources] Started resource zInventory
[           resources] Started resource zLoadingscreen
[    c-scripting-core] Creating script environments for zLogin
[           resources] Started resource zLogin
[    c-scripting-core] Creating script environments for zMedical
[           resources] Started resource zMedical
[    c-scripting-core] Creating script environments for zNotify
[           resources] Started resource zNotify
[    c-scripting-core] Creating script environments for zOrg
[           resources] Started resource zOrg
[    c-scripting-core] Creating script environments for zPlayer
[           resources] Started resource zPlayer
[    c-scripting-core] Creating script environments for zPolice
[           resources] Started resource zPolice
[    c-scripting-core] Creating script environments for zShops
[           resources] Started resource zShops
[           resources] Started resource zSounds
[    c-scripting-core] Creating script environments for zSurvival
[           resources] Started resource zSurvival
[    c-scripting-core] Creating script environments for PolyZone
[           resources] Started resource PolyZone
[           resources] Started resource zTarget
[    c-scripting-core] Creating script environments for zDriver
[           resources] Started resource zDriver
[    c-scripting-core] Creating script environments for zGarbargeman
[           resources] Started resource zGarbargeman
[    c-scripting-core] Creating script environments for zHarvest
[           resources] Started resource zHarvest
[    c-scripting-core] Creating script environments for zMiner
[           resources] Started resource zMiner
[    c-scripting-core] Creating script environments for zLumberman
[           resources] Started resource zLumberman
[    c-scripting-core] Creating script environments for zTaxi
[           resources] Started resource zTaxi
[    c-scripting-core] Creating script environments for zPostman
[           resources] Started resource zPostman
[    c-scripting-core] Creating script environments for zTruckdriver
[           resources] Started resource zTruckdriver
[    c-scripting-core] Creating script environments for chat
[      resources:chat] Warning: could not find file `html/config.js` (defined in fxmanifest.lua:16)
[           resources] Started resource chat (1 warning)
[           resources] Started resource logsystem
[           resources] Started resource minimap
[    c-scripting-core] Creating script environments for mumble-voip
[           resources] Started resource mumble-voip
[    c-scripting-core] Creating script environments for vehcontrol
