================================================================
======== txAdmin v8.0.1 atop fxserver 13890 Starting - 08/07/2025 00:00:36
================================================================
================================================================
======== Log Rotated - 08/07/2025 00:00:42                      
================================================================
[00:03:58] txAdmin: Logger started
[00:05:37] [BeU9P#1] AlucardFagner: joined with identifiers [license:eadb…04a0, xbl:2535…7594, live:1055…0455, discord:4855…1248, fivem:15217884, license2:eadb…04a0]
[00:08:54] [BeU9P#1] AlucardFagner: enabled noclip
[00:09:33] [BeU9P#1] AlucardFagner: became mortal (standard mode)
[00:19:28] [BeU9P#1] AlucardFagner: disconnected (Exiting)
[00:23:04] txAdmin: Logger started
[00:24:52] [DRf9D#1] AlucardFagner: joined with identifiers [license:eadb…04a0, xbl:2535…7594, live:1055…0455, discord:4855…1248, fivem:15217884, license2:eadb…04a0]
[00:28:15] [DRf9D#1] AlucardFagner: disconnected (Exiting)
[00:30:44] txAdmin: Logger started
[00:31:32] [AxTey#1] AlucardFagner: joined with identifiers [license:eadb…04a0, xbl:2535…7594, live:1055…0455, discord:4855…1248, fivem:15217884, license2:eadb…04a0]
[00:34:25] [AxTey#1] AlucardFagner: disconnected (Exiting)
[00:34:49] txAdmin: Logger started
[00:35:58] [QdHLG#1] AlucardFagner: joined with identifiers [license:eadb…04a0, xbl:2535…7594, live:1055…0455, discord:4855…1248, fivem:15217884, license2:eadb…04a0]
[00:40:35] txAdmin: Logger started
[00:40:58] [dVmcb#1] AlucardFagner: joined with identifiers [license:eadb…04a0, xbl:2535…7594, live:1055…0455, discord:4855…1248, fivem:15217884, license2:eadb…04a0]
